# gesture capture 2026-09-05 14:35:21  post-first-key window 4s
### gesture: 2-finger swipe up: FAST and SHORT (a quick flick, about 1 cm)
14:35:31.669  hw+   0ms  DOWN LShift   vk=0xA0 sc=0x02A physical mods-at-this-instant=Shift
14:35:31.670  hw+   0ms  DOWN F16      vk=0x7F sc=0x067 physical mods-at-this-instant=Shift
14:35:31.670  hw+   0ms  UP   LShift   vk=0xA0 sc=0x02A physical mods-at-this-instant=-
14:35:31.670  hw+   0ms  UP   F16      vk=0x7F sc=0x067 physical mods-at-this-instant=-
14:35:31.683  hw+   0ms  DOWN LShift   vk=0xA0 sc=0x02A physical mods-at-this-instant=Shift
14:35:31.684  hw+   0ms  DOWN F16      vk=0x7F sc=0x067 physical mods-at-this-instant=Shift
14:35:31.687  hw+   0ms  UP   LShift   vk=0xA0 sc=0x02A physical mods-at-this-instant=-
14:35:31.688  hw+   0ms  UP   F16      vk=0x7F sc=0x067 physical mods-at-this-instant=-
14:35:31.699  hw+   0ms  DOWN LShift   vk=0xA0 sc=0x02A physical mods-at-this-instant=Shift
14:35:31.699  hw+   0ms  DOWN F16      vk=0x7F sc=0x067 physical mods-at-this-instant=Shift
14:35:31.700  hw+   0ms  UP   LShift   vk=0xA0 sc=0x02A physical mods-at-this-instant=-
14:35:31.700  hw+   0ms  UP   F16      vk=0x7F sc=0x067 physical mods-at-this-instant=-
14:35:31.706  hw+   0ms  DOWN LShift   vk=0xA0 sc=0x02A physical mods-at-this-instant=Shift
14:35:31.706  hw+   0ms  DOWN F16      vk=0x7F sc=0x067 physical mods-at-this-instant=Shift
14:35:31.707  hw+   0ms  UP   LShift   vk=0xA0 sc=0x02A physical mods-at-this-instant=-
14:35:31.707  hw+   0ms  UP   F16      vk=0x7F sc=0x067 physical mods-at-this-instant=-
14:35:31.714  hw+   0ms  DOWN LShift   vk=0xA0 sc=0x02A physical mods-at-this-instant=Shift
14:35:31.714  hw+   0ms  DOWN F16      vk=0x7F sc=0x067 physical mods-at-this-instant=Shift
14:35:31.715  hw+   0ms  UP   LShift   vk=0xA0 sc=0x02A physical mods-at-this-instant=-
14:35:31.715  hw+   0ms  UP   F16      vk=0x7F sc=0x067 physical mods-at-this-instant=-
14:35:31.720  hw+   0ms  DOWN LShift   vk=0xA0 sc=0x02A physical mods-at-this-instant=Shift
14:35:31.721  hw+   0ms  DOWN F16      vk=0x7F sc=0x067 physical mods-at-this-instant=Shift
14:35:31.721  hw+   0ms  UP   LShift   vk=0xA0 sc=0x02A physical mods-at-this-instant=-
14:35:31.722  hw+   0ms  UP   F16      vk=0x7F sc=0x067 physical mods-at-this-instant=-
14:35:31.735  hw+   0ms  DOWN LShift   vk=0xA0 sc=0x02A physical mods-at-this-instant=Shift
14:35:31.736  hw+   0ms  DOWN F16      vk=0x7F sc=0x067 physical mods-at-this-instant=Shift
14:35:31.736  hw+   0ms  UP   LShift   vk=0xA0 sc=0x02A physical mods-at-this-instant=-
14:35:31.737  hw+   0ms  UP   F16      vk=0x7F sc=0x067 physical mods-at-this-instant=-
14:35:31.759  hw+   0ms  DOWN LShift   vk=0xA0 sc=0x02A physical mods-at-this-instant=Shift
14:35:31.759  hw+   0ms  DOWN F16      vk=0x7F sc=0x067 physical mods-at-this-instant=Shift
14:35:31.760  hw+   0ms  UP   LShift   vk=0xA0 sc=0x02A physical mods-at-this-instant=-
14:35:31.760  hw+   0ms  UP   F16      vk=0x7F sc=0x067 physical mods-at-this-instant=-
### gesture: 2-finger swipe up: SLOW and LONG (the whole pad, take about 1.5 s)
14:35:55.764  hw+   0ms  DOWN LShift   vk=0xA0 sc=0x02A physical mods-at-this-instant=Shift
14:35:55.764  hw+   0ms  DOWN F16      vk=0x7F sc=0x067 physical mods-at-this-instant=Shift
14:35:55.765  hw+   0ms  UP   LShift   vk=0xA0 sc=0x02A physical mods-at-this-instant=-
14:35:55.765  hw+   0ms  UP   F16      vk=0x7F sc=0x067 physical mods-at-this-instant=-
14:35:55.965  hw+   0ms  DOWN LShift   vk=0xA0 sc=0x02A physical mods-at-this-instant=Shift
14:35:55.966  hw+   0ms  DOWN F16      vk=0x7F sc=0x067 physical mods-at-this-instant=Shift
14:35:55.968  hw+   0ms  UP   LShift   vk=0xA0 sc=0x02A physical mods-at-this-instant=-
14:35:55.968  hw+   0ms  UP   F16      vk=0x7F sc=0x067 physical mods-at-this-instant=-
14:35:56.153  hw+   0ms  DOWN LShift   vk=0xA0 sc=0x02A physical mods-at-this-instant=Shift
14:35:56.154  hw+   0ms  DOWN F16      vk=0x7F sc=0x067 physical mods-at-this-instant=Shift
14:35:56.154  hw+   0ms  UP   LShift   vk=0xA0 sc=0x02A physical mods-at-this-instant=-
14:35:56.155  hw+   0ms  UP   F16      vk=0x7F sc=0x067 physical mods-at-this-instant=-
14:35:56.243  hw+   0ms  DOWN LShift   vk=0xA0 sc=0x02A physical mods-at-this-instant=Shift
14:35:56.244  hw+   0ms  DOWN F16      vk=0x7F sc=0x067 physical mods-at-this-instant=Shift
14:35:56.244  hw+   0ms  UP   LShift   vk=0xA0 sc=0x02A physical mods-at-this-instant=-
14:35:56.245  hw+   0ms  UP   F16      vk=0x7F sc=0x067 physical mods-at-this-instant=-
14:35:56.325  hw+   0ms  DOWN LShift   vk=0xA0 sc=0x02A physical mods-at-this-instant=Shift
14:35:56.325  hw+   0ms  DOWN F16      vk=0x7F sc=0x067 physical mods-at-this-instant=Shift
14:35:56.326  hw+   0ms  UP   LShift   vk=0xA0 sc=0x02A physical mods-at-this-instant=-
14:35:56.326  hw+   0ms  UP   F16      vk=0x7F sc=0x067 physical mods-at-this-instant=-
14:35:56.483  hw+   0ms  DOWN LShift   vk=0xA0 sc=0x02A physical mods-at-this-instant=Shift
14:35:56.484  hw+   0ms  DOWN F16      vk=0x7F sc=0x067 physical mods-at-this-instant=Shift
14:35:56.484  hw+   0ms  UP   LShift   vk=0xA0 sc=0x02A physical mods-at-this-instant=-
14:35:56.485  hw+   0ms  UP   F16      vk=0x7F sc=0x067 physical mods-at-this-instant=-
14:35:56.610  hw+   0ms  DOWN LShift   vk=0xA0 sc=0x02A physical mods-at-this-instant=Shift
14:35:56.610  hw+   0ms  DOWN F16      vk=0x7F sc=0x067 physical mods-at-this-instant=Shift
14:35:56.611  hw+   0ms  UP   LShift   vk=0xA0 sc=0x02A physical mods-at-this-instant=-
14:35:56.611  hw+   0ms  UP   F16      vk=0x7F sc=0x067 physical mods-at-this-instant=-
14:35:56.709  hw+   0ms  DOWN LShift   vk=0xA0 sc=0x02A physical mods-at-this-instant=Shift
14:35:56.709  hw+   0ms  DOWN F16      vk=0x7F sc=0x067 physical mods-at-this-instant=Shift
14:35:56.710  hw+   0ms  UP   LShift   vk=0xA0 sc=0x02A physical mods-at-this-instant=-
14:35:56.710  hw+   0ms  UP   F16      vk=0x7F sc=0x067 physical mods-at-this-instant=-
14:35:56.820  hw+   0ms  DOWN LShift   vk=0xA0 sc=0x02A physical mods-at-this-instant=Shift
14:35:56.821  hw+   0ms  DOWN F16      vk=0x7F sc=0x067 physical mods-at-this-instant=Shift
14:35:56.821  hw+   0ms  UP   LShift   vk=0xA0 sc=0x02A physical mods-at-this-instant=-
14:35:56.822  hw+   0ms  UP   F16      vk=0x7F sc=0x067 physical mods-at-this-instant=-
14:35:56.918  hw+   0ms  DOWN LShift   vk=0xA0 sc=0x02A physical mods-at-this-instant=Shift
14:35:56.919  hw+   0ms  DOWN F16      vk=0x7F sc=0x067 physical mods-at-this-instant=Shift
14:35:56.919  hw+   0ms  UP   LShift   vk=0xA0 sc=0x02A physical mods-at-this-instant=-
14:35:56.920  hw+   0ms  UP   F16      vk=0x7F sc=0x067 physical mods-at-this-instant=-
14:35:57.045  hw+   0ms  DOWN LShift   vk=0xA0 sc=0x02A physical mods-at-this-instant=Shift
14:35:57.046  hw+   0ms  DOWN F16      vk=0x7F sc=0x067 physical mods-at-this-instant=Shift
14:35:57.046  hw+   0ms  UP   LShift   vk=0xA0 sc=0x02A physical mods-at-this-instant=-
14:35:57.047  hw+   0ms  UP   F16      vk=0x7F sc=0x067 physical mods-at-this-instant=-
14:35:57.180  hw+   0ms  DOWN LShift   vk=0xA0 sc=0x02A physical mods-at-this-instant=Shift
14:35:57.181  hw+   0ms  DOWN F16      vk=0x7F sc=0x067 physical mods-at-this-instant=Shift
14:35:57.181  hw+   0ms  UP   LShift   vk=0xA0 sc=0x02A physical mods-at-this-instant=-
14:35:57.181  hw+   0ms  UP   F16      vk=0x7F sc=0x067 physical mods-at-this-instant=-
14:35:57.301  hw+   0ms  DOWN LShift   vk=0xA0 sc=0x02A physical mods-at-this-instant=Shift
14:35:57.301  hw+   0ms  DOWN F16      vk=0x7F sc=0x067 physical mods-at-this-instant=Shift
14:35:57.302  hw+   0ms  UP   LShift   vk=0xA0 sc=0x02A physical mods-at-this-instant=-
14:35:57.302  hw+   0ms  UP   F16      vk=0x7F sc=0x067 physical mods-at-this-instant=-
14:35:57.435  hw+   0ms  DOWN LShift   vk=0xA0 sc=0x02A physical mods-at-this-instant=Shift
14:35:57.436  hw+   0ms  DOWN F16      vk=0x7F sc=0x067 physical mods-at-this-instant=Shift
14:35:57.436  hw+   0ms  UP   LShift   vk=0xA0 sc=0x02A physical mods-at-this-instant=-
14:35:57.437  hw+   0ms  UP   F16      vk=0x7F sc=0x067 physical mods-at-this-instant=-
14:35:57.548  hw+   0ms  DOWN LShift   vk=0xA0 sc=0x02A physical mods-at-this-instant=Shift
14:35:57.548  hw+   0ms  DOWN F16      vk=0x7F sc=0x067 physical mods-at-this-instant=Shift
14:35:57.549  hw+   0ms  UP   LShift   vk=0xA0 sc=0x02A physical mods-at-this-instant=-
14:35:57.549  hw+   0ms  UP   F16      vk=0x7F sc=0x067 physical mods-at-this-instant=-
14:35:57.645  hw+   0ms  DOWN LShift   vk=0xA0 sc=0x02A physical mods-at-this-instant=Shift
14:35:57.646  hw+   0ms  DOWN F16      vk=0x7F sc=0x067 physical mods-at-this-instant=Shift
14:35:57.646  hw+   0ms  UP   LShift   vk=0xA0 sc=0x02A physical mods-at-this-instant=-
14:35:57.647  hw+   0ms  UP   F16      vk=0x7F sc=0x067 physical mods-at-this-instant=-
14:35:57.736  hw+   0ms  DOWN LShift   vk=0xA0 sc=0x02A physical mods-at-this-instant=Shift
14:35:57.736  hw+   0ms  DOWN F16      vk=0x7F sc=0x067 physical mods-at-this-instant=Shift
14:35:57.737  hw+   0ms  UP   LShift   vk=0xA0 sc=0x02A physical mods-at-this-instant=-
14:35:57.737  hw+   0ms  UP   F16      vk=0x7F sc=0x067 physical mods-at-this-instant=-
14:35:57.818  hw+   0ms  DOWN LShift   vk=0xA0 sc=0x02A physical mods-at-this-instant=Shift
14:35:57.819  hw+   0ms  DOWN F16      vk=0x7F sc=0x067 physical mods-at-this-instant=Shift
14:35:57.819  hw+   0ms  UP   LShift   vk=0xA0 sc=0x02A physical mods-at-this-instant=-
14:35:57.820  hw+   0ms  UP   F16      vk=0x7F sc=0x067 physical mods-at-this-instant=-
14:35:57.885  hw+   0ms  DOWN LShift   vk=0xA0 sc=0x02A physical mods-at-this-instant=Shift
14:35:57.886  hw+   0ms  DOWN F16      vk=0x7F sc=0x067 physical mods-at-this-instant=Shift
14:35:57.886  hw+   0ms  UP   LShift   vk=0xA0 sc=0x02A physical mods-at-this-instant=-
14:35:57.887  hw+   0ms  UP   F16      vk=0x7F sc=0x067 physical mods-at-this-instant=-
14:35:57.961  hw+   0ms  DOWN LShift   vk=0xA0 sc=0x02A physical mods-at-this-instant=Shift
14:35:57.961  hw+   0ms  DOWN F16      vk=0x7F sc=0x067 physical mods-at-this-instant=Shift
14:35:57.962  hw+   0ms  UP   LShift   vk=0xA0 sc=0x02A physical mods-at-this-instant=-
14:35:57.962  hw+   0ms  UP   F16      vk=0x7F sc=0x067 physical mods-at-this-instant=-
14:35:58.080  hw+   0ms  DOWN LShift   vk=0xA0 sc=0x02A physical mods-at-this-instant=Shift
14:35:58.081  hw+   0ms  DOWN F16      vk=0x7F sc=0x067 physical mods-at-this-instant=Shift
14:35:58.081  hw+   0ms  UP   LShift   vk=0xA0 sc=0x02A physical mods-at-this-instant=-
14:35:58.082  hw+   0ms  UP   F16      vk=0x7F sc=0x067 physical mods-at-this-instant=-
14:35:58.178  hw+   0ms  DOWN LShift   vk=0xA0 sc=0x02A physical mods-at-this-instant=Shift
14:35:58.179  hw+   0ms  DOWN F16      vk=0x7F sc=0x067 physical mods-at-this-instant=Shift
14:35:58.179  hw+   0ms  UP   LShift   vk=0xA0 sc=0x02A physical mods-at-this-instant=-
14:35:58.180  hw+   0ms  UP   F16      vk=0x7F sc=0x067 physical mods-at-this-instant=-
14:35:58.267  hw+   0ms  DOWN LShift   vk=0xA0 sc=0x02A physical mods-at-this-instant=Shift
14:35:58.268  hw+   0ms  DOWN F16      vk=0x7F sc=0x067 physical mods-at-this-instant=Shift
14:35:58.270  hw+   0ms  UP   LShift   vk=0xA0 sc=0x02A physical mods-at-this-instant=-
14:35:58.270  hw+   0ms  UP   F16      vk=0x7F sc=0x067 physical mods-at-this-instant=-
14:35:58.425  hw+   0ms  DOWN LShift   vk=0xA0 sc=0x02A physical mods-at-this-instant=Shift
14:35:58.426  hw+   0ms  DOWN F16      vk=0x7F sc=0x067 physical mods-at-this-instant=Shift
14:35:58.426  hw+   0ms  UP   LShift   vk=0xA0 sc=0x02A physical mods-at-this-instant=-
14:35:58.427  hw+   0ms  UP   F16      vk=0x7F sc=0x067 physical mods-at-this-instant=-
14:35:58.523  hw+   0ms  DOWN LShift   vk=0xA0 sc=0x02A physical mods-at-this-instant=Shift
14:35:58.523  hw+   0ms  DOWN F16      vk=0x7F sc=0x067 physical mods-at-this-instant=Shift
14:35:58.525  hw+   0ms  UP   LShift   vk=0xA0 sc=0x02A physical mods-at-this-instant=-
14:35:58.526  hw+   0ms  UP   F16      vk=0x7F sc=0x067 physical mods-at-this-instant=-
14:35:58.672  hw+   0ms  DOWN LShift   vk=0xA0 sc=0x02A physical mods-at-this-instant=Shift
14:35:58.672  hw+   0ms  DOWN F16      vk=0x7F sc=0x067 physical mods-at-this-instant=Shift
14:35:58.674  hw+   0ms  UP   LShift   vk=0xA0 sc=0x02A physical mods-at-this-instant=-
14:35:58.674  hw+   0ms  UP   F16      vk=0x7F sc=0x067 physical mods-at-this-instant=-
14:35:58.777  hw+   0ms  DOWN LShift   vk=0xA0 sc=0x02A physical mods-at-this-instant=Shift
14:35:58.777  hw+   0ms  DOWN F16      vk=0x7F sc=0x067 physical mods-at-this-instant=Shift
14:35:58.780  hw+   0ms  UP   LShift   vk=0xA0 sc=0x02A physical mods-at-this-instant=-
14:35:58.780  hw+   0ms  UP   F16      vk=0x7F sc=0x067 physical mods-at-this-instant=-
### gesture: 2-finger swipe up: FAST and LONG (the whole pad in one quick motion)
14:36:08.152  hw+   0ms  DOWN LShift   vk=0xA0 sc=0x02A physical mods-at-this-instant=Shift
14:36:08.153  hw+   0ms  DOWN F16      vk=0x7F sc=0x067 physical mods-at-this-instant=Shift
14:36:08.153  hw+   0ms  UP   LShift   vk=0xA0 sc=0x02A physical mods-at-this-instant=-
14:36:08.154  hw+   0ms  UP   F16      vk=0x7F sc=0x067 physical mods-at-this-instant=-
14:36:08.167  hw+   0ms  DOWN LShift   vk=0xA0 sc=0x02A physical mods-at-this-instant=Shift
14:36:08.167  hw+   0ms  DOWN F16      vk=0x7F sc=0x067 physical mods-at-this-instant=Shift
14:36:08.169  hw+   0ms  UP   LShift   vk=0xA0 sc=0x02A physical mods-at-this-instant=-
14:36:08.169  hw+   0ms  UP   F16      vk=0x7F sc=0x067 physical mods-at-this-instant=-
14:36:08.175  hw+   0ms  DOWN LShift   vk=0xA0 sc=0x02A physical mods-at-this-instant=Shift
14:36:08.175  hw+   0ms  DOWN F16      vk=0x7F sc=0x067 physical mods-at-this-instant=Shift
14:36:08.176  hw+   0ms  UP   LShift   vk=0xA0 sc=0x02A physical mods-at-this-instant=-
14:36:08.176  hw+   0ms  UP   F16      vk=0x7F sc=0x067 physical mods-at-this-instant=-
14:36:08.182  hw+   0ms  DOWN LShift   vk=0xA0 sc=0x02A physical mods-at-this-instant=Shift
14:36:08.182  hw+   0ms  DOWN F16      vk=0x7F sc=0x067 physical mods-at-this-instant=Shift
14:36:08.184  hw+   0ms  UP   LShift   vk=0xA0 sc=0x02A physical mods-at-this-instant=-
14:36:08.184  hw+   0ms  UP   F16      vk=0x7F sc=0x067 physical mods-at-this-instant=-
14:36:08.189  hw+   0ms  DOWN LShift   vk=0xA0 sc=0x02A physical mods-at-this-instant=Shift
14:36:08.189  hw+   0ms  DOWN F16      vk=0x7F sc=0x067 physical mods-at-this-instant=Shift
14:36:08.190  hw+   0ms  UP   LShift   vk=0xA0 sc=0x02A physical mods-at-this-instant=-
14:36:08.190  hw+   0ms  UP   F16      vk=0x7F sc=0x067 physical mods-at-this-instant=-
14:36:08.196  hw+   0ms  DOWN LShift   vk=0xA0 sc=0x02A physical mods-at-this-instant=Shift
14:36:08.196  hw+   0ms  DOWN F16      vk=0x7F sc=0x067 physical mods-at-this-instant=Shift
14:36:08.198  hw+   0ms  UP   LShift   vk=0xA0 sc=0x02A physical mods-at-this-instant=-
14:36:08.198  hw+   0ms  UP   F16      vk=0x7F sc=0x067 physical mods-at-this-instant=-
14:36:08.204  hw+   0ms  DOWN LShift   vk=0xA0 sc=0x02A physical mods-at-this-instant=Shift
14:36:08.204  hw+   0ms  DOWN F16      vk=0x7F sc=0x067 physical mods-at-this-instant=Shift
14:36:08.205  hw+   0ms  UP   LShift   vk=0xA0 sc=0x02A physical mods-at-this-instant=-
14:36:08.205  hw+   0ms  UP   F16      vk=0x7F sc=0x067 physical mods-at-this-instant=-
14:36:08.206  hw+   0ms  DOWN LShift   vk=0xA0 sc=0x02A physical mods-at-this-instant=Shift
14:36:08.206  hw+   0ms  DOWN F16      vk=0x7F sc=0x067 physical mods-at-this-instant=Shift
14:36:08.207  hw+   0ms  UP   LShift   vk=0xA0 sc=0x02A physical mods-at-this-instant=-
14:36:08.207  hw+   0ms  UP   F16      vk=0x7F sc=0x067 physical mods-at-this-instant=-
14:36:08.212  hw+   0ms  DOWN LShift   vk=0xA0 sc=0x02A physical mods-at-this-instant=Shift
14:36:08.212  hw+   0ms  DOWN F16      vk=0x7F sc=0x067 physical mods-at-this-instant=Shift
14:36:08.214  hw+   0ms  UP   LShift   vk=0xA0 sc=0x02A physical mods-at-this-instant=-
14:36:08.214  hw+   0ms  UP   F16      vk=0x7F sc=0x067 physical mods-at-this-instant=-
14:36:08.220  hw+   0ms  DOWN LShift   vk=0xA0 sc=0x02A physical mods-at-this-instant=Shift
14:36:08.220  hw+   0ms  DOWN F16      vk=0x7F sc=0x067 physical mods-at-this-instant=Shift
14:36:08.221  hw+   0ms  UP   LShift   vk=0xA0 sc=0x02A physical mods-at-this-instant=-
14:36:08.221  hw+   0ms  UP   F16      vk=0x7F sc=0x067 physical mods-at-this-instant=-
14:36:08.234  hw+   0ms  DOWN LShift   vk=0xA0 sc=0x02A physical mods-at-this-instant=Shift
14:36:08.234  hw+   0ms  DOWN F16      vk=0x7F sc=0x067 physical mods-at-this-instant=Shift
14:36:08.235  hw+   0ms  UP   LShift   vk=0xA0 sc=0x02A physical mods-at-this-instant=-
14:36:08.235  hw+   0ms  UP   F16      vk=0x7F sc=0x067 physical mods-at-this-instant=-
14:36:08.236  hw+   0ms  DOWN LShift   vk=0xA0 sc=0x02A physical mods-at-this-instant=Shift
14:36:08.236  hw+   0ms  DOWN F16      vk=0x7F sc=0x067 physical mods-at-this-instant=Shift
14:36:08.237  hw+   0ms  UP   LShift   vk=0xA0 sc=0x02A physical mods-at-this-instant=-
14:36:08.237  hw+   0ms  UP   F16      vk=0x7F sc=0x067 physical mods-at-this-instant=-
14:36:08.241  hw+   0ms  DOWN LShift   vk=0xA0 sc=0x02A physical mods-at-this-instant=Shift
14:36:08.241  hw+   0ms  DOWN F16      vk=0x7F sc=0x067 physical mods-at-this-instant=Shift
14:36:08.243  hw+   0ms  UP   LShift   vk=0xA0 sc=0x02A physical mods-at-this-instant=-
14:36:08.243  hw+   0ms  UP   F16      vk=0x7F sc=0x067 physical mods-at-this-instant=-
14:36:08.249  hw+   0ms  DOWN LShift   vk=0xA0 sc=0x02A physical mods-at-this-instant=Shift
14:36:08.249  hw+   0ms  DOWN F16      vk=0x7F sc=0x067 physical mods-at-this-instant=Shift
14:36:08.250  hw+   0ms  UP   LShift   vk=0xA0 sc=0x02A physical mods-at-this-instant=-
14:36:08.250  hw+   0ms  UP   F16      vk=0x7F sc=0x067 physical mods-at-this-instant=-
14:36:08.255  hw+   0ms  DOWN LShift   vk=0xA0 sc=0x02A physical mods-at-this-instant=Shift
14:36:08.257  hw+   0ms  DOWN F16      vk=0x7F sc=0x067 physical mods-at-this-instant=Shift
14:36:08.258  hw+   0ms  UP   LShift   vk=0xA0 sc=0x02A physical mods-at-this-instant=-
14:36:08.258  hw+   0ms  UP   F16      vk=0x7F sc=0x067 physical mods-at-this-instant=-
14:36:08.271  hw+   0ms  DOWN LShift   vk=0xA0 sc=0x02A physical mods-at-this-instant=Shift
14:36:08.272  hw+   0ms  DOWN F16      vk=0x7F sc=0x067 physical mods-at-this-instant=Shift
14:36:08.273  hw+   0ms  UP   LShift   vk=0xA0 sc=0x02A physical mods-at-this-instant=-
14:36:08.274  hw+   0ms  UP   F16      vk=0x7F sc=0x067 physical mods-at-this-instant=-
### gesture: 2-finger swipe up: SLOW and SHORT (about 1 cm, take about 1.5 s)
14:36:21.155  hw+   0ms  DOWN LShift   vk=0xA0 sc=0x02A physical mods-at-this-instant=Shift
14:36:21.155  hw+   0ms  DOWN F16      vk=0x7F sc=0x067 physical mods-at-this-instant=Shift
14:36:21.156  hw+   0ms  UP   LShift   vk=0xA0 sc=0x02A physical mods-at-this-instant=-
14:36:21.157  hw+   0ms  UP   F16      vk=0x7F sc=0x067 physical mods-at-this-instant=-
14:36:21.306  hw+   0ms  DOWN LShift   vk=0xA0 sc=0x02A physical mods-at-this-instant=Shift
14:36:21.306  hw+   0ms  DOWN F16      vk=0x7F sc=0x067 physical mods-at-this-instant=Shift
14:36:21.307  hw+   0ms  UP   LShift   vk=0xA0 sc=0x02A physical mods-at-this-instant=-
14:36:21.307  hw+   0ms  UP   F16      vk=0x7F sc=0x067 physical mods-at-this-instant=-
14:36:21.388  hw+   0ms  DOWN LShift   vk=0xA0 sc=0x02A physical mods-at-this-instant=Shift
14:36:21.389  hw+   0ms  DOWN F16      vk=0x7F sc=0x067 physical mods-at-this-instant=Shift
14:36:21.389  hw+   0ms  UP   LShift   vk=0xA0 sc=0x02A physical mods-at-this-instant=-
14:36:21.390  hw+   0ms  UP   F16      vk=0x7F sc=0x067 physical mods-at-this-instant=-
14:36:21.494  hw+   0ms  DOWN LShift   vk=0xA0 sc=0x02A physical mods-at-this-instant=Shift
14:36:21.494  hw+   0ms  DOWN F16      vk=0x7F sc=0x067 physical mods-at-this-instant=Shift
14:36:21.494  hw+   0ms  UP   LShift   vk=0xA0 sc=0x02A physical mods-at-this-instant=-
14:36:21.495  hw+   0ms  UP   F16      vk=0x7F sc=0x067 physical mods-at-this-instant=-
14:36:21.583  hw+   0ms  DOWN LShift   vk=0xA0 sc=0x02A physical mods-at-this-instant=Shift
14:36:21.584  hw+   0ms  DOWN F16      vk=0x7F sc=0x067 physical mods-at-this-instant=Shift
14:36:21.584  hw+   0ms  UP   LShift   vk=0xA0 sc=0x02A physical mods-at-this-instant=-
14:36:21.585  hw+   0ms  UP   F16      vk=0x7F sc=0x067 physical mods-at-this-instant=-
14:36:21.651  hw+   0ms  DOWN LShift   vk=0xA0 sc=0x02A physical mods-at-this-instant=Shift
14:36:21.651  hw+   0ms  DOWN F16      vk=0x7F sc=0x067 physical mods-at-this-instant=Shift
14:36:21.652  hw+   0ms  UP   LShift   vk=0xA0 sc=0x02A physical mods-at-this-instant=-
14:36:21.652  hw+   0ms  UP   F16      vk=0x7F sc=0x067 physical mods-at-this-instant=-
14:36:21.703  hw+   0ms  DOWN LShift   vk=0xA0 sc=0x02A physical mods-at-this-instant=Shift
14:36:21.704  hw+   0ms  DOWN F16      vk=0x7F sc=0x067 physical mods-at-this-instant=Shift
14:36:21.704  hw+   0ms  UP   LShift   vk=0xA0 sc=0x02A physical mods-at-this-instant=-
14:36:21.705  hw+   0ms  UP   F16      vk=0x7F sc=0x067 physical mods-at-this-instant=-
### gesture: 2-finger swipe up, then HOLD both fingers still on the pad for 2 s before lifting
14:36:36.305  hw+   0ms  DOWN LShift   vk=0xA0 sc=0x02A physical mods-at-this-instant=Shift
14:36:36.305  hw+   0ms  DOWN F16      vk=0x7F sc=0x067 physical mods-at-this-instant=Shift
14:36:36.306  hw+   0ms  UP   LShift   vk=0xA0 sc=0x02A physical mods-at-this-instant=-
14:36:36.306  hw+   0ms  UP   F16      vk=0x7F sc=0x067 physical mods-at-this-instant=-
14:36:36.356  hw+   0ms  DOWN LShift   vk=0xA0 sc=0x02A physical mods-at-this-instant=Shift
14:36:36.357  hw+   0ms  DOWN F16      vk=0x7F sc=0x067 physical mods-at-this-instant=Shift
14:36:36.358  hw+   0ms  UP   LShift   vk=0xA0 sc=0x02A physical mods-at-this-instant=-
14:36:36.358  hw+   0ms  UP   F16      vk=0x7F sc=0x067 physical mods-at-this-instant=-
14:36:36.387  hw+   0ms  DOWN LShift   vk=0xA0 sc=0x02A physical mods-at-this-instant=Shift
14:36:36.387  hw+   0ms  DOWN F16      vk=0x7F sc=0x067 physical mods-at-this-instant=Shift
14:36:36.387  hw+   0ms  UP   LShift   vk=0xA0 sc=0x02A physical mods-at-this-instant=-
14:36:36.388  hw+   0ms  UP   F16      vk=0x7F sc=0x067 physical mods-at-this-instant=-
14:36:36.447  hw+   0ms  DOWN LShift   vk=0xA0 sc=0x02A physical mods-at-this-instant=Shift
14:36:36.447  hw+   0ms  DOWN F16      vk=0x7F sc=0x067 physical mods-at-this-instant=Shift
14:36:36.448  hw+   0ms  UP   LShift   vk=0xA0 sc=0x02A physical mods-at-this-instant=-
14:36:36.448  hw+   0ms  UP   F16      vk=0x7F sc=0x067 physical mods-at-this-instant=-
14:36:36.449  hw+   0ms  DOWN LShift   vk=0xA0 sc=0x02A physical mods-at-this-instant=Shift
14:36:36.450  hw+   0ms  DOWN F16      vk=0x7F sc=0x067 physical mods-at-this-instant=Shift
14:36:36.451  hw+   0ms  UP   LShift   vk=0xA0 sc=0x02A physical mods-at-this-instant=-
14:36:36.451  hw+   0ms  UP   F16      vk=0x7F sc=0x067 physical mods-at-this-instant=-
14:36:36.484  hw+   0ms  DOWN LShift   vk=0xA0 sc=0x02A physical mods-at-this-instant=Shift
14:36:36.485  hw+   0ms  DOWN F16      vk=0x7F sc=0x067 physical mods-at-this-instant=Shift
14:36:36.485  hw+   0ms  UP   LShift   vk=0xA0 sc=0x02A physical mods-at-this-instant=-
14:36:36.486  hw+   0ms  UP   F16      vk=0x7F sc=0x067 physical mods-at-this-instant=-
14:36:36.537  hw+   0ms  DOWN LShift   vk=0xA0 sc=0x02A physical mods-at-this-instant=Shift
14:36:36.537  hw+   0ms  DOWN F16      vk=0x7F sc=0x067 physical mods-at-this-instant=Shift
14:36:36.538  hw+   0ms  UP   LShift   vk=0xA0 sc=0x02A physical mods-at-this-instant=-
14:36:36.538  hw+   0ms  UP   F16      vk=0x7F sc=0x067 physical mods-at-this-instant=-
14:36:36.574  hw+   0ms  DOWN LShift   vk=0xA0 sc=0x02A physical mods-at-this-instant=Shift
14:36:36.575  hw+   0ms  DOWN F16      vk=0x7F sc=0x067 physical mods-at-this-instant=Shift
14:36:36.576  hw+   0ms  UP   LShift   vk=0xA0 sc=0x02A physical mods-at-this-instant=-
14:36:36.576  hw+   0ms  UP   F16      vk=0x7F sc=0x067 physical mods-at-this-instant=-
14:36:36.619  hw+   0ms  DOWN LShift   vk=0xA0 sc=0x02A physical mods-at-this-instant=Shift
14:36:36.620  hw+   0ms  DOWN F16      vk=0x7F sc=0x067 physical mods-at-this-instant=Shift
14:36:36.620  hw+   0ms  UP   LShift   vk=0xA0 sc=0x02A physical mods-at-this-instant=-
14:36:36.621  hw+   0ms  UP   F16      vk=0x7F sc=0x067 physical mods-at-this-instant=-
14:36:36.686  hw+   0ms  DOWN LShift   vk=0xA0 sc=0x02A physical mods-at-this-instant=Shift
14:36:36.686  hw+   0ms  DOWN F16      vk=0x7F sc=0x067 physical mods-at-this-instant=Shift
14:36:36.687  hw+   0ms  UP   LShift   vk=0xA0 sc=0x02A physical mods-at-this-instant=-
14:36:36.687  hw+   0ms  UP   F16      vk=0x7F sc=0x067 physical mods-at-this-instant=-
14:36:36.731  hw+   0ms  DOWN LShift   vk=0xA0 sc=0x02A physical mods-at-this-instant=Shift
14:36:36.731  hw+   0ms  DOWN F16      vk=0x7F sc=0x067 physical mods-at-this-instant=Shift
14:36:36.732  hw+   0ms  UP   LShift   vk=0xA0 sc=0x02A physical mods-at-this-instant=-
14:36:36.732  hw+   0ms  UP   F16      vk=0x7F sc=0x067 physical mods-at-this-instant=-
### gesture: 2 fingers: touch and HOLD still for 2 s without moving, then lift [no keys in 30 s]
### gesture: 2-finger swipe up, then keep moving in tiny circles for 2 s before lifting
14:37:28.387  hw+   0ms  DOWN LShift   vk=0xA0 sc=0x02A physical mods-at-this-instant=Shift
14:37:28.387  hw+   0ms  DOWN F16      vk=0x7F sc=0x067 physical mods-at-this-instant=Shift
14:37:28.387  hw+   0ms  UP   LShift   vk=0xA0 sc=0x02A physical mods-at-this-instant=-
14:37:28.388  hw+   0ms  UP   F16      vk=0x7F sc=0x067 physical mods-at-this-instant=-
14:37:28.438  hw+   0ms  DOWN LShift   vk=0xA0 sc=0x02A physical mods-at-this-instant=Shift
14:37:28.438  hw+   0ms  DOWN F16      vk=0x7F sc=0x067 physical mods-at-this-instant=Shift
14:37:28.440  hw+   0ms  UP   LShift   vk=0xA0 sc=0x02A physical mods-at-this-instant=-
14:37:28.440  hw+   0ms  UP   F16      vk=0x7F sc=0x067 physical mods-at-this-instant=-
14:37:28.484  hw+   0ms  DOWN LShift   vk=0xA0 sc=0x02A physical mods-at-this-instant=Shift
14:37:28.484  hw+   0ms  DOWN F16      vk=0x7F sc=0x067 physical mods-at-this-instant=Shift
14:37:28.486  hw+   0ms  UP   LShift   vk=0xA0 sc=0x02A physical mods-at-this-instant=-
14:37:28.486  hw+   0ms  UP   F16      vk=0x7F sc=0x067 physical mods-at-this-instant=-
14:37:28.528  hw+   0ms  DOWN LShift   vk=0xA0 sc=0x02A physical mods-at-this-instant=Shift
14:37:28.528  hw+   0ms  DOWN F16      vk=0x7F sc=0x067 physical mods-at-this-instant=Shift
14:37:28.530  hw+   0ms  UP   LShift   vk=0xA0 sc=0x02A physical mods-at-this-instant=-
14:37:28.530  hw+   0ms  UP   F16      vk=0x7F sc=0x067 physical mods-at-this-instant=-
14:37:28.567  hw+   0ms  DOWN LShift   vk=0xA0 sc=0x02A physical mods-at-this-instant=Shift
14:37:28.567  hw+   0ms  DOWN F16      vk=0x7F sc=0x067 physical mods-at-this-instant=Shift
14:37:28.568  hw+   0ms  UP   LShift   vk=0xA0 sc=0x02A physical mods-at-this-instant=-
14:37:28.568  hw+   0ms  UP   F16      vk=0x7F sc=0x067 physical mods-at-this-instant=-
14:37:28.611  hw+   0ms  DOWN LShift   vk=0xA0 sc=0x02A physical mods-at-this-instant=Shift
14:37:28.612  hw+   0ms  DOWN F16      vk=0x7F sc=0x067 physical mods-at-this-instant=Shift
14:37:28.612  hw+   0ms  UP   LShift   vk=0xA0 sc=0x02A physical mods-at-this-instant=-
14:37:28.613  hw+   0ms  UP   F16      vk=0x7F sc=0x067 physical mods-at-this-instant=-
14:37:28.664  hw+   0ms  DOWN LShift   vk=0xA0 sc=0x02A physical mods-at-this-instant=Shift
14:37:28.664  hw+   0ms  DOWN F16      vk=0x7F sc=0x067 physical mods-at-this-instant=Shift
14:37:28.665  hw+   0ms  UP   LShift   vk=0xA0 sc=0x02A physical mods-at-this-instant=-
14:37:28.666  hw+   0ms  UP   F16      vk=0x7F sc=0x067 physical mods-at-this-instant=-
14:37:28.784  hw+   0ms  DOWN LShift   vk=0xA0 sc=0x02A physical mods-at-this-instant=Shift
14:37:28.784  hw+   0ms  DOWN F16      vk=0x7F sc=0x067 physical mods-at-this-instant=Shift
14:37:28.786  hw+   0ms  UP   LShift   vk=0xA0 sc=0x02A physical mods-at-this-instant=-
14:37:28.786  hw+   0ms  UP   F16      vk=0x7F sc=0x067 physical mods-at-this-instant=-
14:37:29.196  hw+   0ms  DOWN F15      vk=0x7E sc=0x066 physical mods-at-this-instant=-
14:37:29.197  hw+   0ms  UP   F15      vk=0x7E sc=0x066 physical mods-at-this-instant=-
14:37:29.218  hw+   0ms  DOWN F15      vk=0x7E sc=0x066 physical mods-at-this-instant=-
14:37:29.220  hw+   0ms  UP   F15      vk=0x7E sc=0x066 physical mods-at-this-instant=-
14:37:29.376  hw+   0ms  DOWN LShift   vk=0xA0 sc=0x02A physical mods-at-this-instant=Shift
14:37:29.377  hw+   0ms  DOWN F17      vk=0x80 sc=0x068 physical mods-at-this-instant=Shift
14:37:29.377  hw+   0ms  UP   LShift   vk=0xA0 sc=0x02A physical mods-at-this-instant=-
14:37:29.377  hw+   0ms  UP   F17      vk=0x80 sc=0x068 physical mods-at-this-instant=-
14:37:29.481  hw+   0ms  DOWN F16      vk=0x7F sc=0x067 physical mods-at-this-instant=-
14:37:29.482  hw+   0ms  UP   F16      vk=0x7F sc=0x067 physical mods-at-this-instant=-
14:37:29.503  hw+   0ms  DOWN F16      vk=0x7F sc=0x067 physical mods-at-this-instant=-
14:37:29.505  hw+   0ms  UP   F16      vk=0x7F sc=0x067 physical mods-at-this-instant=-
14:37:29.518  hw+   0ms  DOWN F16      vk=0x7F sc=0x067 physical mods-at-this-instant=-
14:37:29.520  hw+   0ms  UP   F16      vk=0x7F sc=0x067 physical mods-at-this-instant=-
14:37:29.548  hw+   0ms  DOWN F16      vk=0x7F sc=0x067 physical mods-at-this-instant=-
14:37:29.550  hw+   0ms  UP   F16      vk=0x7F sc=0x067 physical mods-at-this-instant=-
14:37:29.737  hw+   0ms  DOWN LShift   vk=0xA0 sc=0x02A physical mods-at-this-instant=Shift
14:37:29.737  hw+   0ms  DOWN F16      vk=0x7F sc=0x067 physical mods-at-this-instant=Shift
14:37:29.738  hw+   0ms  UP   LShift   vk=0xA0 sc=0x02A physical mods-at-this-instant=-
14:37:29.738  hw+   0ms  UP   F16      vk=0x7F sc=0x067 physical mods-at-this-instant=-
14:37:29.797  hw+   0ms  DOWN LShift   vk=0xA0 sc=0x02A physical mods-at-this-instant=Shift
14:37:29.797  hw+   0ms  DOWN F16      vk=0x7F sc=0x067 physical mods-at-this-instant=Shift
14:37:29.798  hw+   0ms  UP   LShift   vk=0xA0 sc=0x02A physical mods-at-this-instant=-
14:37:29.798  hw+   0ms  UP   F16      vk=0x7F sc=0x067 physical mods-at-this-instant=-
14:37:29.976  hw+   0ms  DOWN F15      vk=0x7E sc=0x066 physical mods-at-this-instant=-
14:37:29.977  hw+   0ms  UP   F15      vk=0x7E sc=0x066 physical mods-at-this-instant=-
14:37:30.022  hw+   0ms  DOWN F15      vk=0x7E sc=0x066 physical mods-at-this-instant=-
14:37:30.023  hw+   0ms  UP   F15      vk=0x7E sc=0x066 physical mods-at-this-instant=-
14:37:30.231  hw+   0ms  DOWN LShift   vk=0xA0 sc=0x02A physical mods-at-this-instant=Shift
14:37:30.232  hw+   0ms  DOWN F17      vk=0x80 sc=0x068 physical mods-at-this-instant=Shift
14:37:30.232  hw+   0ms  UP   LShift   vk=0xA0 sc=0x02A physical mods-at-this-instant=-
14:37:30.232  hw+   0ms  UP   F17      vk=0x80 sc=0x068 physical mods-at-this-instant=-
14:37:30.276  hw+   0ms  DOWN LShift   vk=0xA0 sc=0x02A physical mods-at-this-instant=Shift
14:37:30.277  hw+   0ms  DOWN F17      vk=0x80 sc=0x068 physical mods-at-this-instant=Shift
14:37:30.277  hw+   0ms  UP   LShift   vk=0xA0 sc=0x02A physical mods-at-this-instant=-
14:37:30.278  hw+   0ms  UP   F17      vk=0x80 sc=0x068 physical mods-at-this-instant=-
14:37:30.388  hw+   0ms  DOWN F16      vk=0x7F sc=0x067 physical mods-at-this-instant=-
14:37:30.389  hw+   0ms  UP   F16      vk=0x7F sc=0x067 physical mods-at-this-instant=-
14:37:30.442  hw+   0ms  DOWN F16      vk=0x7F sc=0x067 physical mods-at-this-instant=-
14:37:30.442  hw+   0ms  UP   F16      vk=0x7F sc=0x067 physical mods-at-this-instant=-
14:37:30.471  hw+   0ms  DOWN F16      vk=0x7F sc=0x067 physical mods-at-this-instant=-
14:37:30.472  hw+   0ms  UP   F16      vk=0x7F sc=0x067 physical mods-at-this-instant=-
14:37:30.508  hw+   0ms  DOWN F16      vk=0x7F sc=0x067 physical mods-at-this-instant=-
14:37:30.509  hw+   0ms  UP   F16      vk=0x7F sc=0x067 physical mods-at-this-instant=-
14:37:30.553  hw+   0ms  DOWN F16      vk=0x7F sc=0x067 physical mods-at-this-instant=-
14:37:30.554  hw+   0ms  UP   F16      vk=0x7F sc=0x067 physical mods-at-this-instant=-
14:37:30.726  hw+   0ms  DOWN LShift   vk=0xA0 sc=0x02A physical mods-at-this-instant=Shift
14:37:30.727  hw+   0ms  DOWN F16      vk=0x7F sc=0x067 physical mods-at-this-instant=Shift
14:37:30.727  hw+   0ms  UP   LShift   vk=0xA0 sc=0x02A physical mods-at-this-instant=-
14:37:30.728  hw+   0ms  UP   F16      vk=0x7F sc=0x067 physical mods-at-this-instant=-
14:37:30.778  hw+   0ms  DOWN LShift   vk=0xA0 sc=0x02A physical mods-at-this-instant=Shift
14:37:30.779  hw+   0ms  DOWN F16      vk=0x7F sc=0x067 physical mods-at-this-instant=Shift
14:37:30.780  hw+   0ms  UP   LShift   vk=0xA0 sc=0x02A physical mods-at-this-instant=-
14:37:30.780  hw+   0ms  UP   F16      vk=0x7F sc=0x067 physical mods-at-this-instant=-
14:37:31.048  hw+   0ms  DOWN F15      vk=0x7E sc=0x066 physical mods-at-this-instant=-
14:37:31.049  hw+   0ms  UP   F15      vk=0x7E sc=0x066 physical mods-at-this-instant=-
14:37:31.341  hw+   0ms  DOWN LShift   vk=0xA0 sc=0x02A physical mods-at-this-instant=Shift
14:37:31.341  hw+   0ms  DOWN F17      vk=0x80 sc=0x068 physical mods-at-this-instant=Shift
14:37:31.342  hw+   0ms  UP   LShift   vk=0xA0 sc=0x02A physical mods-at-this-instant=-
14:37:31.343  hw+   0ms  UP   F17      vk=0x80 sc=0x068 physical mods-at-this-instant=-
14:37:31.521  hw+   0ms  DOWN F16      vk=0x7F sc=0x067 physical mods-at-this-instant=-
14:37:31.522  hw+   0ms  UP   F16      vk=0x7F sc=0x067 physical mods-at-this-instant=-
14:37:31.543  hw+   0ms  DOWN F16      vk=0x7F sc=0x067 physical mods-at-this-instant=-
14:37:31.544  hw+   0ms  UP   F16      vk=0x7F sc=0x067 physical mods-at-this-instant=-
### gesture: 1-finger swipe up: FAST and SHORT
14:37:40.002  hw+   0ms  DOWN F18      vk=0x81 sc=0x069 physical mods-at-this-instant=-
14:37:40.003  hw+   0ms  UP   F18      vk=0x81 sc=0x069 physical mods-at-this-instant=-
### gesture: 1-finger swipe up: SLOW and LONG (the whole pad, about 1.5 s)
14:37:52.413  hw+   0ms  DOWN F18      vk=0x81 sc=0x069 physical mods-at-this-instant=-
14:37:52.415  hw+   0ms  UP   F18      vk=0x81 sc=0x069 physical mods-at-this-instant=-
### gesture: 1-finger swipe up, then HOLD the finger still for 2 s before lifting
14:38:06.482  hw+   0ms  DOWN F18      vk=0x81 sc=0x069 physical mods-at-this-instant=-
14:38:06.483  hw+   0ms  UP   F18      vk=0x81 sc=0x069 physical mods-at-this-instant=-
### gesture: 3-finger swipe up: FAST and SHORT
14:38:18.983  hw+   0ms  DOWN F14      vk=0x7D sc=0x065 physical mods-at-this-instant=-
14:38:18.985  hw+   0ms  UP   F14      vk=0x7D sc=0x065 physical mods-at-this-instant=-
### gesture: 3-finger swipe up: SLOW and LONG (the whole pad, about 1.5 s)
14:38:33.022  hw+   0ms  DOWN F14      vk=0x7D sc=0x065 physical mods-at-this-instant=-
14:38:33.023  hw+   0ms  UP   F14      vk=0x7D sc=0x065 physical mods-at-this-instant=-
### gesture: 2-finger swipe up: FAST and SHORT (repeat)
14:38:44.796  hw+   0ms  DOWN LShift   vk=0xA0 sc=0x02A physical mods-at-this-instant=Shift
14:38:44.796  hw+   0ms  DOWN F16      vk=0x7F sc=0x067 physical mods-at-this-instant=Shift
14:38:44.797  hw+   0ms  UP   LShift   vk=0xA0 sc=0x02A physical mods-at-this-instant=-
14:38:44.797  hw+   0ms  UP   F16      vk=0x7F sc=0x067 physical mods-at-this-instant=-
14:38:44.798  hw+   0ms  DOWN LShift   vk=0xA0 sc=0x02A physical mods-at-this-instant=Shift
14:38:44.798  hw+   0ms  DOWN F16      vk=0x7F sc=0x067 physical mods-at-this-instant=Shift
14:38:44.799  hw+   0ms  UP   LShift   vk=0xA0 sc=0x02A physical mods-at-this-instant=-
14:38:44.799  hw+   0ms  UP   F16      vk=0x7F sc=0x067 physical mods-at-this-instant=-
14:38:44.803  hw+   0ms  DOWN LShift   vk=0xA0 sc=0x02A physical mods-at-this-instant=Shift
14:38:44.803  hw+   0ms  DOWN F16      vk=0x7F sc=0x067 physical mods-at-this-instant=Shift
14:38:44.803  hw+   0ms  UP   LShift   vk=0xA0 sc=0x02A physical mods-at-this-instant=-
14:38:44.805  hw+   0ms  UP   F16      vk=0x7F sc=0x067 physical mods-at-this-instant=-
14:38:44.811  hw+   0ms  DOWN LShift   vk=0xA0 sc=0x02A physical mods-at-this-instant=Shift
14:38:44.811  hw+   0ms  DOWN F16      vk=0x7F sc=0x067 physical mods-at-this-instant=Shift
14:38:44.812  hw+   0ms  UP   LShift   vk=0xA0 sc=0x02A physical mods-at-this-instant=-
14:38:44.812  hw+   0ms  UP   F16      vk=0x7F sc=0x067 physical mods-at-this-instant=-
14:38:44.819  hw+   0ms  DOWN LShift   vk=0xA0 sc=0x02A physical mods-at-this-instant=Shift
14:38:44.819  hw+   0ms  DOWN F16      vk=0x7F sc=0x067 physical mods-at-this-instant=Shift
14:38:44.820  hw+   0ms  UP   LShift   vk=0xA0 sc=0x02A physical mods-at-this-instant=-
14:38:44.820  hw+   0ms  UP   F16      vk=0x7F sc=0x067 physical mods-at-this-instant=-
14:38:44.827  hw+   0ms  DOWN LShift   vk=0xA0 sc=0x02A physical mods-at-this-instant=Shift
14:38:44.827  hw+   0ms  DOWN F16      vk=0x7F sc=0x067 physical mods-at-this-instant=Shift
14:38:44.827  hw+   0ms  UP   LShift   vk=0xA0 sc=0x02A physical mods-at-this-instant=-
14:38:44.828  hw+   0ms  UP   F16      vk=0x7F sc=0x067 physical mods-at-this-instant=-
14:38:44.833  hw+   0ms  DOWN LShift   vk=0xA0 sc=0x02A physical mods-at-this-instant=Shift
14:38:44.833  hw+   0ms  DOWN F16      vk=0x7F sc=0x067 physical mods-at-this-instant=Shift
14:38:44.834  hw+   0ms  UP   LShift   vk=0xA0 sc=0x02A physical mods-at-this-instant=-
14:38:44.834  hw+   0ms  UP   F16      vk=0x7F sc=0x067 physical mods-at-this-instant=-
14:38:44.841  hw+   0ms  DOWN LShift   vk=0xA0 sc=0x02A physical mods-at-this-instant=Shift
14:38:44.841  hw+   0ms  DOWN F16      vk=0x7F sc=0x067 physical mods-at-this-instant=Shift
14:38:44.842  hw+   0ms  UP   LShift   vk=0xA0 sc=0x02A physical mods-at-this-instant=-
14:38:44.842  hw+   0ms  UP   F16      vk=0x7F sc=0x067 physical mods-at-this-instant=-
14:38:44.871  hw+   0ms  DOWN LShift   vk=0xA0 sc=0x02A physical mods-at-this-instant=Shift
14:38:44.871  hw+   0ms  DOWN F16      vk=0x7F sc=0x067 physical mods-at-this-instant=Shift
14:38:44.872  hw+   0ms  UP   LShift   vk=0xA0 sc=0x02A physical mods-at-this-instant=-
14:38:44.873  hw+   0ms  UP   F16      vk=0x7F sc=0x067 physical mods-at-this-instant=-
### gesture: 2-finger swipe up: SLOW and LONG (repeat)
14:38:54.335  hw+   0ms  DOWN LShift   vk=0xA0 sc=0x02A physical mods-at-this-instant=Shift
14:38:54.336  hw+   0ms  DOWN F16      vk=0x7F sc=0x067 physical mods-at-this-instant=Shift
14:38:54.336  hw+   0ms  UP   LShift   vk=0xA0 sc=0x02A physical mods-at-this-instant=-
14:38:54.337  hw+   0ms  UP   F16      vk=0x7F sc=0x067 physical mods-at-this-instant=-
14:38:54.470  hw+   0ms  DOWN LShift   vk=0xA0 sc=0x02A physical mods-at-this-instant=Shift
14:38:54.470  hw+   0ms  DOWN F16      vk=0x7F sc=0x067 physical mods-at-this-instant=Shift
14:38:54.471  hw+   0ms  UP   LShift   vk=0xA0 sc=0x02A physical mods-at-this-instant=-
14:38:54.472  hw+   0ms  UP   F16      vk=0x7F sc=0x067 physical mods-at-this-instant=-
14:38:54.515  hw+   0ms  DOWN LShift   vk=0xA0 sc=0x02A physical mods-at-this-instant=Shift
14:38:54.516  hw+   0ms  DOWN F16      vk=0x7F sc=0x067 physical mods-at-this-instant=Shift
14:38:54.516  hw+   0ms  UP   LShift   vk=0xA0 sc=0x02A physical mods-at-this-instant=-
14:38:54.517  hw+   0ms  UP   F16      vk=0x7F sc=0x067 physical mods-at-this-instant=-
14:38:54.628  hw+   0ms  DOWN LShift   vk=0xA0 sc=0x02A physical mods-at-this-instant=Shift
14:38:54.628  hw+   0ms  DOWN F16      vk=0x7F sc=0x067 physical mods-at-this-instant=Shift
14:38:54.628  hw+   0ms  UP   LShift   vk=0xA0 sc=0x02A physical mods-at-this-instant=-
14:38:54.629  hw+   0ms  UP   F16      vk=0x7F sc=0x067 physical mods-at-this-instant=-
14:38:54.710  hw+   0ms  DOWN LShift   vk=0xA0 sc=0x02A physical mods-at-this-instant=Shift
14:38:54.710  hw+   0ms  DOWN F16      vk=0x7F sc=0x067 physical mods-at-this-instant=Shift
14:38:54.711  hw+   0ms  UP   LShift   vk=0xA0 sc=0x02A physical mods-at-this-instant=-
14:38:54.711  hw+   0ms  UP   F16      vk=0x7F sc=0x067 physical mods-at-this-instant=-
14:38:54.740  hw+   0ms  DOWN LShift   vk=0xA0 sc=0x02A physical mods-at-this-instant=Shift
14:38:54.740  hw+   0ms  DOWN F16      vk=0x7F sc=0x067 physical mods-at-this-instant=Shift
14:38:54.742  hw+   0ms  UP   LShift   vk=0xA0 sc=0x02A physical mods-at-this-instant=-
14:38:54.742  hw+   0ms  UP   F16      vk=0x7F sc=0x067 physical mods-at-this-instant=-
14:38:54.808  hw+   0ms  DOWN LShift   vk=0xA0 sc=0x02A physical mods-at-this-instant=Shift
14:38:54.808  hw+   0ms  DOWN F16      vk=0x7F sc=0x067 physical mods-at-this-instant=Shift
14:38:54.809  hw+  16ms  UP   LShift   vk=0xA0 sc=0x02A physical mods-at-this-instant=-
14:38:54.809  hw+   0ms  UP   F16      vk=0x7F sc=0x067 physical mods-at-this-instant=-
14:38:54.852  hw+   0ms  DOWN LShift   vk=0xA0 sc=0x02A physical mods-at-this-instant=Shift
14:38:54.852  hw+   0ms  DOWN F16      vk=0x7F sc=0x067 physical mods-at-this-instant=Shift
14:38:54.853  hw+   0ms  UP   LShift   vk=0xA0 sc=0x02A physical mods-at-this-instant=-
14:38:54.853  hw+   0ms  UP   F16      vk=0x7F sc=0x067 physical mods-at-this-instant=-
14:38:54.912  hw+   0ms  DOWN LShift   vk=0xA0 sc=0x02A physical mods-at-this-instant=Shift
14:38:54.913  hw+   0ms  DOWN F16      vk=0x7F sc=0x067 physical mods-at-this-instant=Shift
14:38:54.913  hw+   0ms  UP   LShift   vk=0xA0 sc=0x02A physical mods-at-this-instant=-
14:38:54.914  hw+   0ms  UP   F16      vk=0x7F sc=0x067 physical mods-at-this-instant=-
14:38:55.017  hw+   0ms  DOWN LShift   vk=0xA0 sc=0x02A physical mods-at-this-instant=Shift
14:38:55.017  hw+   0ms  DOWN F16      vk=0x7F sc=0x067 physical mods-at-this-instant=Shift
14:38:55.018  hw+   0ms  UP   LShift   vk=0xA0 sc=0x02A physical mods-at-this-instant=-
14:38:55.018  hw+   0ms  UP   F16      vk=0x7F sc=0x067 physical mods-at-this-instant=-
14:38:55.145  hw+   0ms  DOWN LShift   vk=0xA0 sc=0x02A physical mods-at-this-instant=Shift
14:38:55.146  hw+   0ms  DOWN F16      vk=0x7F sc=0x067 physical mods-at-this-instant=Shift
14:38:55.146  hw+   0ms  UP   LShift   vk=0xA0 sc=0x02A physical mods-at-this-instant=-
14:38:55.147  hw+   0ms  UP   F16      vk=0x7F sc=0x067 physical mods-at-this-instant=-
14:38:55.287  hw+   0ms  DOWN LShift   vk=0xA0 sc=0x02A physical mods-at-this-instant=Shift
14:38:55.287  hw+   0ms  DOWN F16      vk=0x7F sc=0x067 physical mods-at-this-instant=Shift
14:38:55.288  hw+   0ms  UP   LShift   vk=0xA0 sc=0x02A physical mods-at-this-instant=-
14:38:55.288  hw+   0ms  UP   F16      vk=0x7F sc=0x067 physical mods-at-this-instant=-
14:38:55.422  hw+   0ms  DOWN LShift   vk=0xA0 sc=0x02A physical mods-at-this-instant=Shift
14:38:55.423  hw+   0ms  DOWN F16      vk=0x7F sc=0x067 physical mods-at-this-instant=Shift
14:38:55.423  hw+   0ms  UP   LShift   vk=0xA0 sc=0x02A physical mods-at-this-instant=-
14:38:55.423  hw+   0ms  UP   F16      vk=0x7F sc=0x067 physical mods-at-this-instant=-
14:38:55.527  hw+   0ms  DOWN LShift   vk=0xA0 sc=0x02A physical mods-at-this-instant=Shift
14:38:55.528  hw+   0ms  DOWN F16      vk=0x7F sc=0x067 physical mods-at-this-instant=Shift
14:38:55.528  hw+   0ms  UP   LShift   vk=0xA0 sc=0x02A physical mods-at-this-instant=-
14:38:55.529  hw+   0ms  UP   F16      vk=0x7F sc=0x067 physical mods-at-this-instant=-
14:38:55.602  hw+   0ms  DOWN LShift   vk=0xA0 sc=0x02A physical mods-at-this-instant=Shift
14:38:55.602  hw+   0ms  DOWN F16      vk=0x7F sc=0x067 physical mods-at-this-instant=Shift
14:38:55.603  hw+   0ms  UP   LShift   vk=0xA0 sc=0x02A physical mods-at-this-instant=-
14:38:55.603  hw+   0ms  UP   F16      vk=0x7F sc=0x067 physical mods-at-this-instant=-
14:38:55.752  hw+   0ms  DOWN LShift   vk=0xA0 sc=0x02A physical mods-at-this-instant=Shift
14:38:55.753  hw+   0ms  DOWN F16      vk=0x7F sc=0x067 physical mods-at-this-instant=Shift
14:38:55.753  hw+   0ms  UP   LShift   vk=0xA0 sc=0x02A physical mods-at-this-instant=-
14:38:55.754  hw+   0ms  UP   F16      vk=0x7F sc=0x067 physical mods-at-this-instant=-
14:38:55.835  hw+   0ms  DOWN LShift   vk=0xA0 sc=0x02A physical mods-at-this-instant=Shift
14:38:55.835  hw+   0ms  DOWN F16      vk=0x7F sc=0x067 physical mods-at-this-instant=Shift
14:38:55.836  hw+   0ms  UP   LShift   vk=0xA0 sc=0x02A physical mods-at-this-instant=-
14:38:55.836  hw+   0ms  UP   F16      vk=0x7F sc=0x067 physical mods-at-this-instant=-
14:38:55.909  hw+   0ms  DOWN LShift   vk=0xA0 sc=0x02A physical mods-at-this-instant=Shift
14:38:55.910  hw+   0ms  DOWN F16      vk=0x7F sc=0x067 physical mods-at-this-instant=Shift
14:38:55.912  hw+   0ms  UP   LShift   vk=0xA0 sc=0x02A physical mods-at-this-instant=-
14:38:55.912  hw+   0ms  UP   F16      vk=0x7F sc=0x067 physical mods-at-this-instant=-
14:38:56.022  hw+   0ms  DOWN LShift   vk=0xA0 sc=0x02A physical mods-at-this-instant=Shift
14:38:56.022  hw+   0ms  DOWN F16      vk=0x7F sc=0x067 physical mods-at-this-instant=Shift
14:38:56.023  hw+   0ms  UP   LShift   vk=0xA0 sc=0x02A physical mods-at-this-instant=-
14:38:56.023  hw+   0ms  UP   F16      vk=0x7F sc=0x067 physical mods-at-this-instant=-
14:38:56.143  hw+   0ms  DOWN LShift   vk=0xA0 sc=0x02A physical mods-at-this-instant=Shift
14:38:56.143  hw+   0ms  DOWN F16      vk=0x7F sc=0x067 physical mods-at-this-instant=Shift
14:38:56.144  hw+   0ms  UP   LShift   vk=0xA0 sc=0x02A physical mods-at-this-instant=-
14:38:56.144  hw+   0ms  UP   F16      vk=0x7F sc=0x067 physical mods-at-this-instant=-
14:38:56.232  hw+   0ms  DOWN LShift   vk=0xA0 sc=0x02A physical mods-at-this-instant=Shift
14:38:56.233  hw+   0ms  DOWN F16      vk=0x7F sc=0x067 physical mods-at-this-instant=Shift
14:38:56.233  hw+   0ms  UP   LShift   vk=0xA0 sc=0x02A physical mods-at-this-instant=-
14:38:56.233  hw+   0ms  UP   F16      vk=0x7F sc=0x067 physical mods-at-this-instant=-
14:38:56.345  hw+   0ms  DOWN LShift   vk=0xA0 sc=0x02A physical mods-at-this-instant=Shift
14:38:56.345  hw+   0ms  DOWN F16      vk=0x7F sc=0x067 physical mods-at-this-instant=Shift
14:38:56.347  hw+   0ms  UP   LShift   vk=0xA0 sc=0x02A physical mods-at-this-instant=-
14:38:56.347  hw+   0ms  UP   F16      vk=0x7F sc=0x067 physical mods-at-this-instant=-
14:38:56.419  hw+   0ms  DOWN LShift   vk=0xA0 sc=0x02A physical mods-at-this-instant=Shift
14:38:56.420  hw+   0ms  DOWN F16      vk=0x7F sc=0x067 physical mods-at-this-instant=Shift
14:38:56.421  hw+   0ms  UP   LShift   vk=0xA0 sc=0x02A physical mods-at-this-instant=-
14:38:56.422  hw+   0ms  UP   F16      vk=0x7F sc=0x067 physical mods-at-this-instant=-
14:38:56.539  hw+   0ms  DOWN LShift   vk=0xA0 sc=0x02A physical mods-at-this-instant=Shift
14:38:56.540  hw+   0ms  DOWN F16      vk=0x7F sc=0x067 physical mods-at-this-instant=Shift
14:38:56.541  hw+   0ms  UP   LShift   vk=0xA0 sc=0x02A physical mods-at-this-instant=-
14:38:56.541  hw+   0ms  UP   F16      vk=0x7F sc=0x067 physical mods-at-this-instant=-
### gesture: 2-finger swipe up: FAST and LONG (repeat)
14:39:03.769  hw+   0ms  DOWN LShift   vk=0xA0 sc=0x02A physical mods-at-this-instant=Shift
14:39:03.770  hw+   0ms  DOWN F16      vk=0x7F sc=0x067 physical mods-at-this-instant=Shift
14:39:03.770  hw+   0ms  UP   LShift   vk=0xA0 sc=0x02A physical mods-at-this-instant=-
14:39:03.771  hw+   0ms  UP   F16      vk=0x7F sc=0x067 physical mods-at-this-instant=-
14:39:03.776  hw+   0ms  DOWN LShift   vk=0xA0 sc=0x02A physical mods-at-this-instant=Shift
14:39:03.777  hw+   0ms  DOWN F16      vk=0x7F sc=0x067 physical mods-at-this-instant=Shift
14:39:03.778  hw+   0ms  UP   LShift   vk=0xA0 sc=0x02A physical mods-at-this-instant=-
14:39:03.779  hw+   0ms  UP   F16      vk=0x7F sc=0x067 physical mods-at-this-instant=-
14:39:03.779  hw+   0ms  DOWN LShift   vk=0xA0 sc=0x02A physical mods-at-this-instant=Shift
14:39:03.779  hw+   0ms  DOWN F16      vk=0x7F sc=0x067 physical mods-at-this-instant=Shift
14:39:03.780  hw+   0ms  UP   LShift   vk=0xA0 sc=0x02A physical mods-at-this-instant=-
14:39:03.780  hw+   0ms  UP   F16      vk=0x7F sc=0x067 physical mods-at-this-instant=-
14:39:03.784  hw+   0ms  DOWN LShift   vk=0xA0 sc=0x02A physical mods-at-this-instant=Shift
14:39:03.784  hw+   0ms  DOWN F16      vk=0x7F sc=0x067 physical mods-at-this-instant=Shift
14:39:03.785  hw+   0ms  UP   LShift   vk=0xA0 sc=0x02A physical mods-at-this-instant=-
14:39:03.785  hw+   0ms  UP   F16      vk=0x7F sc=0x067 physical mods-at-this-instant=-
14:39:03.791  hw+   0ms  DOWN LShift   vk=0xA0 sc=0x02A physical mods-at-this-instant=Shift
14:39:03.791  hw+   0ms  DOWN F16      vk=0x7F sc=0x067 physical mods-at-this-instant=Shift
14:39:03.792  hw+   0ms  UP   LShift   vk=0xA0 sc=0x02A physical mods-at-this-instant=-
14:39:03.792  hw+   0ms  UP   F16      vk=0x7F sc=0x067 physical mods-at-this-instant=-
14:39:03.806  hw+   0ms  DOWN LShift   vk=0xA0 sc=0x02A physical mods-at-this-instant=Shift
14:39:03.806  hw+   0ms  DOWN F16      vk=0x7F sc=0x067 physical mods-at-this-instant=Shift
14:39:03.808  hw+   0ms  UP   LShift   vk=0xA0 sc=0x02A physical mods-at-this-instant=-
14:39:03.808  hw+   0ms  UP   F16      vk=0x7F sc=0x067 physical mods-at-this-instant=-
14:39:03.809  hw+   0ms  DOWN LShift   vk=0xA0 sc=0x02A physical mods-at-this-instant=Shift
14:39:03.809  hw+   0ms  DOWN F16      vk=0x7F sc=0x067 physical mods-at-this-instant=Shift
14:39:03.810  hw+   0ms  UP   LShift   vk=0xA0 sc=0x02A physical mods-at-this-instant=-
14:39:03.810  hw+   0ms  UP   F16      vk=0x7F sc=0x067 physical mods-at-this-instant=-
14:39:03.815  hw+   0ms  DOWN LShift   vk=0xA0 sc=0x02A physical mods-at-this-instant=Shift
14:39:03.815  hw+   0ms  DOWN F16      vk=0x7F sc=0x067 physical mods-at-this-instant=Shift
14:39:03.816  hw+   0ms  UP   LShift   vk=0xA0 sc=0x02A physical mods-at-this-instant=-
14:39:03.816  hw+   0ms  UP   F16      vk=0x7F sc=0x067 physical mods-at-this-instant=-
14:39:03.822  hw+   0ms  DOWN LShift   vk=0xA0 sc=0x02A physical mods-at-this-instant=Shift
14:39:03.822  hw+   0ms  DOWN F16      vk=0x7F sc=0x067 physical mods-at-this-instant=Shift
14:39:03.823  hw+   0ms  UP   LShift   vk=0xA0 sc=0x02A physical mods-at-this-instant=-
14:39:03.823  hw+   0ms  UP   F16      vk=0x7F sc=0x067 physical mods-at-this-instant=-
14:39:03.830  hw+   0ms  DOWN LShift   vk=0xA0 sc=0x02A physical mods-at-this-instant=Shift
14:39:03.830  hw+   0ms  DOWN F16      vk=0x7F sc=0x067 physical mods-at-this-instant=Shift
14:39:03.831  hw+   0ms  UP   LShift   vk=0xA0 sc=0x02A physical mods-at-this-instant=-
14:39:03.831  hw+   0ms  UP   F16      vk=0x7F sc=0x067 physical mods-at-this-instant=-
14:39:03.837  hw+   0ms  DOWN LShift   vk=0xA0 sc=0x02A physical mods-at-this-instant=Shift
14:39:03.837  hw+   0ms  DOWN F16      vk=0x7F sc=0x067 physical mods-at-this-instant=Shift
14:39:03.838  hw+   0ms  UP   LShift   vk=0xA0 sc=0x02A physical mods-at-this-instant=-
14:39:03.838  hw+   0ms  UP   F16      vk=0x7F sc=0x067 physical mods-at-this-instant=-
14:39:03.844  hw+   0ms  DOWN LShift   vk=0xA0 sc=0x02A physical mods-at-this-instant=Shift
14:39:03.844  hw+   0ms  DOWN F16      vk=0x7F sc=0x067 physical mods-at-this-instant=Shift
14:39:03.844  hw+   0ms  UP   LShift   vk=0xA0 sc=0x02A physical mods-at-this-instant=-
14:39:03.846  hw+   0ms  UP   F16      vk=0x7F sc=0x067 physical mods-at-this-instant=-
14:39:03.851  hw+   0ms  DOWN LShift   vk=0xA0 sc=0x02A physical mods-at-this-instant=Shift
14:39:03.851  hw+   0ms  DOWN F16      vk=0x7F sc=0x067 physical mods-at-this-instant=Shift
14:39:03.852  hw+   0ms  UP   LShift   vk=0xA0 sc=0x02A physical mods-at-this-instant=-
14:39:03.852  hw+   0ms  UP   F16      vk=0x7F sc=0x067 physical mods-at-this-instant=-
14:39:03.860  hw+   0ms  DOWN LShift   vk=0xA0 sc=0x02A physical mods-at-this-instant=Shift
14:39:03.860  hw+   0ms  DOWN F16      vk=0x7F sc=0x067 physical mods-at-this-instant=Shift
14:39:03.861  hw+   0ms  UP   LShift   vk=0xA0 sc=0x02A physical mods-at-this-instant=-
14:39:03.861  hw+   0ms  UP   F16      vk=0x7F sc=0x067 physical mods-at-this-instant=-
14:39:03.875  hw+   0ms  DOWN LShift   vk=0xA0 sc=0x02A physical mods-at-this-instant=Shift
14:39:03.875  hw+   0ms  DOWN F16      vk=0x7F sc=0x067 physical mods-at-this-instant=Shift
14:39:03.876  hw+   0ms  UP   LShift   vk=0xA0 sc=0x02A physical mods-at-this-instant=-
14:39:03.876  hw+   0ms  UP   F16      vk=0x7F sc=0x067 physical mods-at-this-instant=-
14:39:03.897  hw+   0ms  DOWN LShift   vk=0xA0 sc=0x02A physical mods-at-this-instant=Shift
14:39:03.897  hw+   0ms  DOWN F16      vk=0x7F sc=0x067 physical mods-at-this-instant=Shift
14:39:03.898  hw+   0ms  UP   LShift   vk=0xA0 sc=0x02A physical mods-at-this-instant=-
14:39:03.898  hw+   0ms  UP   F16      vk=0x7F sc=0x067 physical mods-at-this-instant=-
### gesture: 2-finger swipe up: SLOW and SHORT (repeat)
14:39:16.420  hw+   0ms  DOWN LShift   vk=0xA0 sc=0x02A physical mods-at-this-instant=Shift
14:39:16.420  hw+   0ms  DOWN F16      vk=0x7F sc=0x067 physical mods-at-this-instant=Shift
14:39:16.421  hw+   0ms  UP   LShift   vk=0xA0 sc=0x02A physical mods-at-this-instant=-
14:39:16.421  hw+   0ms  UP   F16      vk=0x7F sc=0x067 physical mods-at-this-instant=-
14:39:16.450  hw+   0ms  DOWN LShift   vk=0xA0 sc=0x02A physical mods-at-this-instant=Shift
14:39:16.451  hw+   0ms  DOWN F16      vk=0x7F sc=0x067 physical mods-at-this-instant=Shift
14:39:16.451  hw+   0ms  UP   LShift   vk=0xA0 sc=0x02A physical mods-at-this-instant=-
14:39:16.452  hw+   0ms  UP   F16      vk=0x7F sc=0x067 physical mods-at-this-instant=-
14:39:16.472  hw+   0ms  DOWN LShift   vk=0xA0 sc=0x02A physical mods-at-this-instant=Shift
14:39:16.473  hw+   0ms  DOWN F16      vk=0x7F sc=0x067 physical mods-at-this-instant=Shift
14:39:16.474  hw+   0ms  UP   LShift   vk=0xA0 sc=0x02A physical mods-at-this-instant=-
14:39:16.474  hw+   0ms  UP   F16      vk=0x7F sc=0x067 physical mods-at-this-instant=-
14:39:16.562  hw+   0ms  DOWN LShift   vk=0xA0 sc=0x02A physical mods-at-this-instant=Shift
14:39:16.563  hw+   0ms  DOWN F16      vk=0x7F sc=0x067 physical mods-at-this-instant=Shift
14:39:16.564  hw+   0ms  UP   LShift   vk=0xA0 sc=0x02A physical mods-at-this-instant=-
14:39:16.565  hw+   0ms  UP   F16      vk=0x7F sc=0x067 physical mods-at-this-instant=-
14:39:16.600  hw+   0ms  DOWN LShift   vk=0xA0 sc=0x02A physical mods-at-this-instant=Shift
14:39:16.601  hw+   0ms  DOWN F16      vk=0x7F sc=0x067 physical mods-at-this-instant=Shift
14:39:16.601  hw+   0ms  UP   LShift   vk=0xA0 sc=0x02A physical mods-at-this-instant=-
14:39:16.602  hw+   0ms  UP   F16      vk=0x7F sc=0x067 physical mods-at-this-instant=-
